// Jest Snapshot v1, https://goo.gl/fbAQLP

exports[`extractStyles returns styles for a Box 1`] = `
Object {
  "cache": Object {
    "glamorIds": Array [
      "ng405l",
      "fv6wzy",
      "11r1ktn",
    ],
    "uiBoxCache": Array [
      Array [
        "height11",
        "ub-h_11px",
      ],
      Array [
        "boxSizingborder-box",
        "ub-box-szg_border-box",
      ],
    ],
  },
  "css": ".ub-h_11px {height: 11px;}.ub-box-szg_border-box {box-sizing: border-box;}
@-webkit-keyframes loading_ng405l { 
  0% {transform: rotate(0); -webkit-transform: rotate(0);} 
  100% {transform: rotate(360deg); -webkit-transform: rotate(360deg);} 
}@-moz-keyframes loading_ng405l { 
  0% {transform: rotate(0); -webkit-transform: rotate(0);} 
  100% {transform: rotate(360deg); -webkit-transform: rotate(360deg);} 
}@-o-keyframes loading_ng405l { 
  0% {transform: rotate(0); -webkit-transform: rotate(0);} 
  100% {transform: rotate(360deg); -webkit-transform: rotate(360deg);} 
}@keyframes loading_ng405l { 
  0% {transform: rotate(0); -webkit-transform: rotate(0);} 
  100% {transform: rotate(360deg); -webkit-transform: rotate(360deg);} 
}@-webkit-keyframes loading-circle_fv6wzy { 
  0% {stroke-dashoffset: 600;} 
  100% {stroke-dashoffset: 0;} 
}@-moz-keyframes loading-circle_fv6wzy { 
  0% {stroke-dashoffset: 600;} 
  100% {stroke-dashoffset: 0;} 
}@-o-keyframes loading-circle_fv6wzy { 
  0% {stroke-dashoffset: 600;} 
  100% {stroke-dashoffset: 0;} 
}@keyframes loading-circle_fv6wzy { 
  0% {stroke-dashoffset: 600;} 
  100% {stroke-dashoffset: 0;} 
}.css-11r1ktn,[data-css-11r1ktn] {animation: loading_ng405l 2s linear infinite; -webkit-animation: loading_ng405l 2s linear infinite;}",
  "hydrationScript": <script
    dangerouslySetInnerHTML={
      Object {
        "__html": "{\\"uiBoxCache\\":[[\\"height11\\",\\"ub-h_11px\\"],[\\"boxSizingborder-box\\",\\"ub-box-szg_border-box\\"]],\\"glamorIds\\":[\\"ng405l\\",\\"fv6wzy\\",\\"11r1ktn\\"]}",
      }
    }
    id="sora-hydrate"
    nonce="abcd1234"
    type="application/json"
  />,
}
`;

exports[`extractStyles returns styles for a Button 1`] = `
Object {
  "cache": Object {
    "glamorIds": Array [
      "ng405l",
      "fv6wzy",
      "11r1ktn",
      "17ha8j4",
    ],
    "uiBoxCache": Array [
      Array [
        "positionrelative",
        "ub-pst_relative",
      ],
      Array [
        "fontWeight700",
        "ub-f-wght_700",
      ],
      Array [
        "displayinline-flex",
        "ub-dspl_inline-flex",
      ],
      Array [
        "alignItemscenter",
        "ub-algn-itms_center",
      ],
      Array [
        "flexWrapnowrap",
        "ub-flx-wrap_nowrap",
      ],
      Array [
        "justifyContentcenter",
        "ub-just-cnt_center",
      ],
      Array [
        "textDecorationnone",
        "ub-txt-deco_none",
      ],
      Array [
        "verticalAlignmiddle",
        "ub-ver-algn_middle",
      ],
      Array [
        "borderBottom1px solid #c1c4d6",
        "ub-b-btm_1px-solid-c1c4d6",
      ],
      Array [
        "borderLeft1px solid #c1c4d6",
        "ub-b-lft_1px-solid-c1c4d6",
      ],
      Array [
        "borderRight1px solid #c1c4d6",
        "ub-b-rgt_1px-solid-c1c4d6",
      ],
      Array [
        "borderTop1px solid #c1c4d6",
        "ub-b-top_1px-solid-c1c4d6",
      ],
      Array [
        "outlinenone",
        "ub-otln_iu2jf4",
      ],
      Array [
        "userSelectnone",
        "ub-usr-slct_none",
      ],
      Array [
        "cursorpointer",
        "ub-crsr_pointer",
      ],
      Array [
        "whiteSpacenowrap",
        "ub-wht-spc_nowrap",
      ],
      Array [
        "fontFamily\\"Inter\\", sans-serif;",
        "ub-fnt-fam_1yirpkw",
      ],
      Array [
        "borderBottomLeftRadius8px",
        "ub-bblr_8px",
      ],
      Array [
        "borderBottomRightRadius8px",
        "ub-bbrr_8px",
      ],
      Array [
        "borderTopLeftRadius8px",
        "ub-btlr_8px",
      ],
      Array [
        "borderTopRightRadius8px",
        "ub-btrr_8px",
      ],
      Array [
        "color#474d66",
        "ub-color_474d66",
      ],
      Array [
        "transitionbox-shadow 80ms ease-in-out",
        "ub-tstn_n1akt6",
      ],
      Array [
        "height40",
        "ub-h_40px",
      ],
      Array [
        "minWidth40",
        "ub-min-w_40px",
      ],
      Array [
        "fontSize14px",
        "ub-fnt-sze_14px",
      ],
      Array [
        "lineHeight32px",
        "ub-ln-ht_32px",
      ],
      Array [
        "paddingLeft20",
        "ub-pl_20px",
      ],
      Array [
        "paddingRight20",
        "ub-pr_20px",
      ],
      Array [
        "backgroundColorwhite",
        "ub-bg-clr_white",
      ],
      Array [
        "boxSizingborder-box",
        "ub-box-szg_border-box",
      ],
    ],
  },
  "css": ".ub-pst_relative {position: relative;}.ub-f-wght_700 {font-weight: 700;}.ub-dspl_inline-flex {display: inline-flex;}.ub-algn-itms_center {align-items: center; -webkit-box-align: center;}.ub-flx-wrap_nowrap {flex-wrap: nowrap; -webkit-box-lines: nowrap;}.ub-just-cnt_center {justify-content: center; -webkit-box-pack: center;}.ub-txt-deco_none {text-decoration: none;}.ub-ver-algn_middle {vertical-align: middle;}.ub-b-btm_1px-solid-c1c4d6 {border-bottom: 1px solid #c1c4d6;}.ub-b-lft_1px-solid-c1c4d6 {border-left: 1px solid #c1c4d6;}.ub-b-rgt_1px-solid-c1c4d6 {border-right: 1px solid #c1c4d6;}.ub-b-top_1px-solid-c1c4d6 {border-top: 1px solid #c1c4d6;}.ub-otln_iu2jf4 {outline: none;}.ub-usr-slct_none {-webkit-user-select: none; -moz-user-select: none; -ms-user-select: none; user-select: none;}.ub-crsr_pointer {cursor: pointer;}.ub-wht-spc_nowrap {white-space: nowrap;}.ub-fnt-fam_1yirpkw {font-family: \\"Inter\\", sans-serif;}.ub-bblr_8px {border-bottom-left-radius: 8px;}.ub-bbrr_8px {border-bottom-right-radius: 8px;}.ub-btlr_8px {border-top-left-radius: 8px;}.ub-btrr_8px {border-top-right-radius: 8px;}.ub-color_474d66 {color: #474d66;}.ub-tstn_n1akt6 {transition: box-shadow 80ms ease-in-out;}.ub-h_40px {height: 40px;}.ub-min-w_40px {min-width: 40px;}.ub-fnt-sze_14px {font-size: 14px;}.ub-ln-ht_32px {line-height: 32px;}.ub-pl_20px {padding-left: 20px;}.ub-pr_20px {padding-right: 20px;}.ub-bg-clr_white {background-color: white;}.ub-box-szg_border-box {box-sizing: border-box;}
@-webkit-keyframes loading_ng405l { 
  0% {transform: rotate(0); -webkit-transform: rotate(0);} 
  100% {transform: rotate(360deg); -webkit-transform: rotate(360deg);} 
}@-moz-keyframes loading_ng405l { 
  0% {transform: rotate(0); -webkit-transform: rotate(0);} 
  100% {transform: rotate(360deg); -webkit-transform: rotate(360deg);} 
}@-o-keyframes loading_ng405l { 
  0% {transform: rotate(0); -webkit-transform: rotate(0);} 
  100% {transform: rotate(360deg); -webkit-transform: rotate(360deg);} 
}@keyframes loading_ng405l { 
  0% {transform: rotate(0); -webkit-transform: rotate(0);} 
  100% {transform: rotate(360deg); -webkit-transform: rotate(360deg);} 
}@-webkit-keyframes loading-circle_fv6wzy { 
  0% {stroke-dashoffset: 600;} 
  100% {stroke-dashoffset: 0;} 
}@-moz-keyframes loading-circle_fv6wzy { 
  0% {stroke-dashoffset: 600;} 
  100% {stroke-dashoffset: 0;} 
}@-o-keyframes loading-circle_fv6wzy { 
  0% {stroke-dashoffset: 600;} 
  100% {stroke-dashoffset: 0;} 
}@keyframes loading-circle_fv6wzy { 
  0% {stroke-dashoffset: 600;} 
  100% {stroke-dashoffset: 0;} 
}.css-11r1ktn,[data-css-11r1ktn] {animation: loading_ng405l 2s linear infinite; -webkit-animation: loading_ng405l 2s linear infinite;}.css-17ha8j4,[data-css-17ha8j4] {-webkit-font-smoothing: antialiased; -webkit-appearance: none; -moz-appearance: none;}.css-17ha8j4::-moz-focus-inner ,[data-css-17ha8j4]::-moz-focus-inner {border: 0;}.css-17ha8j4:not([disabled]):focus,[data-css-17ha8j4]:not([disabled]):focus {box-shadow: 0 0 0 2px #bbe7ff;}.css-17ha8j4:not([disabled]):hover,[data-css-17ha8j4]:not([disabled]):hover {box-shadow: 0 0 0 2px #bbe7ff; border: 1px solid #8f95b2; background-color: #FAFBFF;}.css-17ha8j4[disabled],[data-css-17ha8j4][disabled] {box-shadow: none; pointer-events: none; color: #c1c4d6; border-color: #E6E8F0;}.css-17ha8j4:not([disabled]):active,[data-css-17ha8j4]:not([disabled]):active, .css-17ha8j4:not([disabled])[aria-expanded=\\"true\\"], [data-css-17ha8j4]:not([disabled])[aria-expanded=\\"true\\"], .css-17ha8j4:not([disabled])[data-active], [data-css-17ha8j4]:not([disabled])[data-active] {background-color: #F4F5F9;}",
  "hydrationScript": <script
    dangerouslySetInnerHTML={
      Object {
        "__html": "{\\"uiBoxCache\\":[[\\"positionrelative\\",\\"ub-pst_relative\\"],[\\"fontWeight700\\",\\"ub-f-wght_700\\"],[\\"displayinline-flex\\",\\"ub-dspl_inline-flex\\"],[\\"alignItemscenter\\",\\"ub-algn-itms_center\\"],[\\"flexWrapnowrap\\",\\"ub-flx-wrap_nowrap\\"],[\\"justifyContentcenter\\",\\"ub-just-cnt_center\\"],[\\"textDecorationnone\\",\\"ub-txt-deco_none\\"],[\\"verticalAlignmiddle\\",\\"ub-ver-algn_middle\\"],[\\"borderBottom1px solid #c1c4d6\\",\\"ub-b-btm_1px-solid-c1c4d6\\"],[\\"borderLeft1px solid #c1c4d6\\",\\"ub-b-lft_1px-solid-c1c4d6\\"],[\\"borderRight1px solid #c1c4d6\\",\\"ub-b-rgt_1px-solid-c1c4d6\\"],[\\"borderTop1px solid #c1c4d6\\",\\"ub-b-top_1px-solid-c1c4d6\\"],[\\"outlinenone\\",\\"ub-otln_iu2jf4\\"],[\\"userSelectnone\\",\\"ub-usr-slct_none\\"],[\\"cursorpointer\\",\\"ub-crsr_pointer\\"],[\\"whiteSpacenowrap\\",\\"ub-wht-spc_nowrap\\"],[\\"fontFamily\\\\\\"Inter\\\\\\", sans-serif;\\",\\"ub-fnt-fam_1yirpkw\\"],[\\"borderBottomLeftRadius8px\\",\\"ub-bblr_8px\\"],[\\"borderBottomRightRadius8px\\",\\"ub-bbrr_8px\\"],[\\"borderTopLeftRadius8px\\",\\"ub-btlr_8px\\"],[\\"borderTopRightRadius8px\\",\\"ub-btrr_8px\\"],[\\"color#474d66\\",\\"ub-color_474d66\\"],[\\"transitionbox-shadow 80ms ease-in-out\\",\\"ub-tstn_n1akt6\\"],[\\"height40\\",\\"ub-h_40px\\"],[\\"minWidth40\\",\\"ub-min-w_40px\\"],[\\"fontSize14px\\",\\"ub-fnt-sze_14px\\"],[\\"lineHeight32px\\",\\"ub-ln-ht_32px\\"],[\\"paddingLeft20\\",\\"ub-pl_20px\\"],[\\"paddingRight20\\",\\"ub-pr_20px\\"],[\\"backgroundColorwhite\\",\\"ub-bg-clr_white\\"],[\\"boxSizingborder-box\\",\\"ub-box-szg_border-box\\"]],\\"glamorIds\\":[\\"ng405l\\",\\"fv6wzy\\",\\"11r1ktn\\",\\"17ha8j4\\"]}",
      }
    }
    id="sora-hydrate"
    type="application/json"
  />,
}
`;
