// Jest Snapshot v1, https://goo.gl/fbAQLP

exports[`<FilePicker /> snapshot 1`] = `
<div
  className="sora-file-picker-root ub-dspl_flex ub-box-szg_border-box"
>
  <input
    className="sora-file-picker-file-input ub-dspl_none ub-box-szg_border-box"
    onChange={[Function]}
    type="file"
  />
  <input
    aria-invalid={false}
    className="css-i95wgp sora-file-picker-text-input ub-w_280px ub-fnt-fam_1yirpkw ub-b-btm_1px-solid-transparent ub-b-lft_1px-solid-transparent ub-b-rgt_1px-solid-transparent ub-b-top_1px-solid-transparent ub-otln_iu2jf4 ub-txt-deco_none ub-bblr_8px ub-bbrr_0-important ub-btlr_8px ub-btrr_0-important ub-ln-ht_16px ub-fnt-sze_12px ub-color_474d66 ub-pl_12px ub-pr_12px ub-tstn_n1akt6 ub-h_32px ub-bg-clr_white ub-b-btm-clr_d8dae5 ub-b-lft-clr_d8dae5 ub-b-rgt-clr_d8dae5 ub-b-top-clr_d8dae5 ub-flx_1 ub-txt-ovrf_ellipsis ub-f-wght_400 ub-ltr-spc_0 ub-box-szg_border-box"
    disabled={false}
    onBlur={[Function]}
    placeholder="Select a file to uploadâ€¦"
    readOnly={true}
    spellCheck={true}
    type="text"
    value=""
  />
  <button
    className="css-17ha8j4 sora-file-picker-button ub-pst_relative ub-f-wght_400 ub-dspl_inline-flex ub-algn-itms_center ub-flx-wrap_nowrap ub-just-cnt_center ub-txt-deco_none ub-ver-algn_middle ub-b-btm_1px-solid-c1c4d6 ub-b-lft_1px-solid-c1c4d6 ub-b-rgt_1px-solid-c1c4d6 ub-b-top_1px-solid-c1c4d6 ub-otln_iu2jf4 ub-usr-slct_none ub-crsr_pointer ub-wht-spc_nowrap ub-fnt-fam_1yirpkw ub-bblr_0px ub-bbrr_8px ub-btlr_0px ub-btrr_8px ub-color_474d66 ub-tstn_n1akt6 ub-h_32px ub-min-w_40px ub-fnt-sze_12px ub-ln-ht_16px ub-pl_20px ub-pr_20px ub-bg-clr_white ub-flx-srnk_0 ub-ltr-spc_0 ub-box-szg_border-box"
    onBlur={[Function]}
    onClick={[Function]}
    type="button"
  >
    Select file
  </button>
</div>
`;
